Command: C:\Espressif\python_env\idf5.5_py3.11_env\Scripts\python.exe C:\Espressif\frameworks\esp-idf-v5.5.3\tools/idf_monitor.py -p COM5 -b 115200 --toolchain-prefix xtensa-esp32-elf- --target esp32 --revision 0 C:\Users\jsrun\Desktop\GitHub\sensor-driver-telemetry\esp32_rtos_telemetry\sensor_interface_i2c\build\sensor_interface_i2c.elf C:\Users\jsrun\Desktop\GitHub\sensor-driver-telemetry\esp32_rtos_telemetry\sensor_interface_i2c\build\bootloader\bootloader.elf --force-color -m 'C:\Espressif\python_env\idf5.5_py3.11_env\Scripts\python.exe' 'C:\Espressif\frameworks\esp-idf-v5.5.3\tools\idf.py' '-p' 'COM5'
esp32: SPI Flash S�ets Jul 29 2019 12:21:46

rst:0x1 (POWERON_RESET),boot:0x13 (SPI_FAST_FLASH_BOOT)
configsip: 0, SPIWP:0xee
clk_drv:0x00,q_drv:0x00,d_drv:0x00,cs0_drv:0x00,hd_drv:0x00,wp_drv:0x00
mode:DIO, clock div:2
load:0x3fff0030,len:6280
load:0x40078000,len:15864
load:0x40080400,len:3920
entry 0x40080644
[0;32mI (27) boot: ESP-IDF v5.5.3 2nd stage bootloader[0m
[0;32mI (27) boot: compile time Mar 11 2026 13:49:18[0m
[0;32mI (28) boot: Multicore bootloader[0m
[0;32mI (29) boot: chip revision: v3.1[0m
[0;32mI (32) boot.esp32: SPI Speed      : 40MHz[0m
[0;32mI (35) boot.esp32: SPI Mode       : DIO[0m
[0;32mI (39) boot.esp32: SPI Flash Size : 2MB[0m
[0;32mI (42) boot: Enabling RNG early entropy source...[0m
[0;32mI (47) boot: Partition Table:[0m
[0;32mI (49) boot: ## Label            Usage          Type ST Offset   Length[0m
[0;32mI (56) boot:  0 nvs              WiFi data        01 02 00009000 00006000[0m
[0;32mI (62) boot:  1 phy_init         RF data          01 01 0000f000 00001000[0m
[0;32mI (69) boot:  2 factory          factory app      00 00 00010000 00100000[0m
[0;32mI (75) boot: End of partition table[0m
[0;32mI (79) esp_image: segment 0: paddr=00010020 vaddr=3f400020 size=0a77ch ( 42876) map[0m
[0;32mI (101) esp_image: segment 1: paddr=0001a7a4 vaddr=3ffb0000 size=02864h ( 10340) load[0m
[0;32mI (105) esp_image: segment 2: paddr=0001d010 vaddr=40080000 size=03008h ( 12296) load[0m
[0;32mI (110) esp_image: segment 3: paddr=00020020 vaddr=400d0020 size=11834h ( 71732) map[0m
[0;32mI (137) esp_image: segment 4: paddr=0003185c vaddr=40083008 size=0b380h ( 45952) load[0m
[0;32mI (155) esp_image: segment 5: paddr=0003cbe4 vaddr=50000000 size=00020h (    32) load[0m
[0;32mI (162) boot: Loaded app from partition at offset 0x10000[0m
[0;32mI (162) boot: Disabling RNG early entropy source...[0m
[0;32mI (173) cpu_start: Multicore app[0m
[0;32mI (181) cpu_start: GPIO 3 and 1 are used as console UART I/O pins[0m
[0;32mI (182) cpu_start: Pro cpu start user code[0m
[0;32mI (182) cpu_start: cpu freq: 160000000 Hz[0m
[0;32mI (183) app_init: Application information:[0m
[0;32mI (187) app_init: Project name:     sensor_interface_i2c[0m
[0;32mI (192) app_init: App version:      109272e[0m
[0;32mI (196) app_init: Compile time:     Mar 11 2026 13:48:54[0m
[0;32mI (201) app_init: ELF file SHA256:  08159d236...[0m
[0;32mI (206) app_init: ESP-IDF:          v5.5.3[0m
[0;32mI (209) efuse_init: Min chip rev:     v0.0[0m
[0;32mI (213) efuse_init: Max chip rev:     v3.99 [0m
[0;32mI (217) efuse_init: Chip rev:         v3.1[0m
[0;32mI (221) heap_init: Initializing. RAM available for dynamic allocation:[0m
[0;32mI (227) heap_init: At 3FFAE6E0 len 00001920 (6 KiB): DRAM[0m
[0;32mI (232) heap_init: At 3FFB3138 len 0002CEC8 (179 KiB): DRAM[0m
[0;32mI (238) heap_init: At 3FFE0440 len 00003AE0 (14 KiB): D/IRAM[0m
[0;32mI (243) heap_init: At 3FFE4350 len 0001BCB0 (111 KiB): D/IRAM[0m
[0;32mI (249) heap_init: At 4008E388 len 00011C78 (71 KiB): IRAM[0m
[0;32mI (255) spi_flash: detected chip: generic[0m
[0;32mI (258) spi_flash: flash io: dio[0m
[0;33mW (260) spi_flash: Detected size(4096k) larger than the size in the binary image header(2048k). Using the size in the binary image header.[0m
[0;33mW (273) i2c: This driver is an old driver, please migrate your application code to adapt `driver/i2c_master.h`[0m
[0;32mI (283) main_task: Started on CPU0[0m
[0;32mI (293) main_task: Calling app_main()[0m
[1;31mE (393) BME280: I2C read failed[0m
